// Jest Snapshot v1, https://goo.gl/fbAQLP

exports[`Test custom username and email 1`] = `
"msg:Update branch-a to output generated at <sha>
tree:8bf87c66655949e66937b11593cc4ae732d1f610
author:tester <tester@test.com>"
`;
